Here's an analysis of the provided error log, categorizing issues by risk level for each tool.

---

## Pylint Analysis

### High Risk
*No High Risk issues identified by Pylint.*

### Medium Risk

**backend/main.py**
*   **Broad Exception Handling (Lines 64, 84):** Catching `Exception` too broadly can mask specific errors, making debugging difficult and potentially hiding underlying issues that should be handled explicitly. Action: Replace `except Exception as e:` with more specific exception types where possible, or log the full traceback for unhandled exceptions.
*   **Subprocess.run without `check=True` (Line 55):** Not explicitly defining `check` for `subprocess.run` means the command's non-zero exit code won't raise an exception, potentially leading to silent failures and unexpected behavior in the application logic. Action: Always use `subprocess.run(..., check=True)` or explicitly handle the return code.
*   **Too Many Local Variables (Line 88):** A high number of local variables (17/15) often indicates overly complex functions that are difficult to understand, test, and maintain. Action: Refactor the function into smaller, more focused functions.
*   **Unspecified Encoding for `open()` (Line 136):** Using `open()` without explicitly specifying an encoding can lead to `UnicodeDecodeError` or `UnicodeEncodeError` across different operating systems or environments, causing crashes or data corruption. Action: Always specify `encoding='utf-8'` (or the appropriate encoding) when opening files.

### Low Risk

**backend/main.py**
*   **Missing Docstrings (Lines 1, 50, 53, 88):** Lack of docstrings for the module, class, and functions reduces code readability and maintainability, making it harder for others (or your future self) to understand the purpose and usage of the code. Action: Add comprehensive docstrings.
*   **Line Too Long (Line 125):** The line exceeds the recommended character limit (103/100), affecting code readability. Action: Refactor long lines for better formatting.
*   **Missing Final Newline (Line 167):** The file is missing a newline at the end, which is a common style guide requirement and can cause issues with some tools or version control systems. Action: Add a newline at the end of the file.
*   **Reimported 'CORSMiddleware' (Line 10):** 'CORSMiddleware' is imported twice, indicating redundant code. Action: Remove the duplicate import.
*   **Ungrouped Imports (Line 9):** Imports from the `fastapi` package are not grouped according to Pylint's conventions, affecting code organization. Action: Reorder and group imports as per style guidelines (e.g., standard library, third-party, local imports).
*   **Unused Variable 'dirs' (Line 114):** The variable `dirs` is defined but never used, indicating dead code or a potential logical oversight. Action: Remove the unused variable or implement its intended use.

---

## Bandit Analysis

### High Risk

**backend/main.py**
*   **Subprocess call with `shell=True` (Line 61):** This is a critical security vulnerability (CWE-78: Improper Neutralization of Special Elements used in an OS Command) because using `shell=True` allows an attacker to inject arbitrary commands if any part of the command string is derived from untrusted input. Action: Avoid `shell=True` and pass a list of arguments to `subprocess.run` instead, carefully sanitizing any user-provided input.

### Medium Risk
*No Medium Risk issues identified by Bandit.*

### Low Risk

**backend/main.py**
*   **Import of `subprocess` module (Line 3):** This is a general alert that the `subprocess` module, while powerful, can introduce security risks if not used carefully. Action: Review all `subprocess` calls in `main.py` (especially after addressing the High Risk issue) to ensure commands and arguments are properly constructed and sanitized.

---

## ESLint Analysis

### High Risk
*No High Risk issues identified by ESLint.*

### Medium Risk

**src/api.ts, src/pages/ProjectDetail.tsx, src/pages/ProjectReport.tsx**
*   **Unexpected `any` type:** Using `any` bypasses TypeScript's type-checking, which can lead to runtime errors that would otherwise be caught at compile time. This significantly reduces the reliability and maintainability of the codebase. Action: Replace `any` with specific types or create interfaces/types for the expected data structures.

**src/context/AppContext.tsx**
*   **Fast Refresh Interruption (Line 122):** Exporting non-component constants or functions from a file that also exports React components can break Fast Refresh functionality in development, leading to a less efficient development workflow. Action: Move constants or utility functions to a separate file and import them into the component file.

### Low Risk

**src/components/UI/ProjectCard.tsx, src/context/AppContext.tsx, src/pages/Dashboard.tsx, src/pages/Home.tsx, src/pages/Mentor.tsx, src/pages/ProjectDetail.tsx, src/pages/Projects.tsx, src/pages/Upload.tsx**
*   **Unused Variables/Imports:** Numerous instances of variables and imports being defined but never used. This indicates dead code, makes the code harder to read, and can slightly increase bundle size. Action: Remove unused imports and variables.

**src/pages/ProjectDetail.tsx**
*   **Irregular Whitespace (Numerous lines):** A very large number of "Irregular whitespace not allowed" errors (over 300 instances) indicates significant formatting inconsistencies, potentially due to copy-pasting code from different sources or editor misconfigurations. While generally a style issue, such a high count suggests severe readability problems. Action: Reformat the file to use consistent whitespace, potentially by running an auto-formatter like Prettier.

**src/pages/Projects.tsx**
*   **`prefer-const` (Line 29):** A variable (`filtered`) is declared with `let` but never reassigned, meaning it could be declared with `const` for better immutability and clarity. Action: Change `let` to `const` for variables that are not reassigned.

---

## Semgrep Analysis
*No errors or warnings identified by Semgrep.*

---

## TSC (TypeScript Compiler) Analysis
*No errors or warnings identified by the TypeScript Compiler.*

---